// Jest Snapshot v1, https://goo.gl/fbAQLP

exports[`should render correctly 1`] = `
<div
  className="content"
>
  <img
    alt="background"
    src="planoDeFundo.jpg"
  />
  <div
    className="conteudo"
  />
</div>
`;
