// Jest Snapshot v1, https://goo.gl/fbAQLP

exports[`should render DashboardComponent correctly 1`] = `<Route />`;
