// Jest Snapshot v1, https://goo.gl/fbAQLP

exports[`should render correctly 1`] = `
<[object Object]>
  Lorem ipsum ultrices velit faucibus donec adipiscing nulla arcu consectetur velit etiam donec, aliquet sapien purus quisque tempor auctor habitant imperdiet lacus at mollis, nec sit venenatis hendrerit primis taciti facilisis aenean mattis lorem vitae. cras integer morbi id nunc per etiam class per, commodo turpis morbi iaculis at lectus sociosqu, fringilla magna sociosqu dictumst non massa taciti. cursus potenti nibh in dictum torquent cras sagittis molestie, scelerisque curae elementum at diam egestas placerat curabitur, posuere iaculis ultrices congue dolor integer inceptos. interdum maecenas sit neque bibendum nec quisque massa scelerisque, dui nostra in blandit conubia accumsan suspendisse, eros aliquam massa justo sagittis ullamcorper feugiat.
</[object Object]>
`;
