// Jest Snapshot v1, https://goo.gl/fbAQLP

exports[`should render inviteComponent correctly 1`] = `<inviteComponent />`;
